// Jest Snapshot v1, https://goo.gl/fbAQLP

exports[`Popup Popup 1`] = `ReactWrapper {}`;
